
╭────────────────────────────────────────────────────────────────────────────────────────────────────────────────────────────────────────────────────╮
│ BB Solver Output Aggregator                                                                                                                        │
│ Source: /mnt/chromeos/MyFiles/Downloads/gitrepos/epanet-bb/article/data/outputs                                                                    │
╰────────────────────────────────────────────────────────────────────────────────────────────────────────────────────────────────────────────────────╯
  Processing: run_a_03_h_24_l_08_s_32768_n_128_r_99_st... ━━━━━━━━━━━━━━━━━━━━━━━━━━━━━━━━━━━━━━━━ 100%

                                                         BB Solver Run Summary                                                          
╭──────────────────────────────────┬────────────────────┬───────────┬───────────┬──────────────────────────────┬───────────┬───────────╮
│ Run Key                          │ Config             │ Best Cost │ Best Rank │                   Cost Range │  Duration │ Imbalance │
├──────────────────────────────────┼────────────────────┼───────────┼───────────┼──────────────────────────────┼───────────┼───────────┤
│ run_a_01_h_24_l_08_s_32768_n_128 │ a=1 h=24 l=8 n=128 │  3,567.99 │    93     │ 3,567.99 - 4,494.00 (926.01) │     3.69s │    172.0% │
├──────────────────────────────────┼────────────────────┼───────────┼───────────┼──────────────────────────────┼───────────┼───────────┤
│ run_a_02_h_24_l_08_s_32768_n_128 │ a=2 h=24 l=8 n=128 │  3,472.89 │    87     │  3,472.89 - 3,572.72 (99.83) │   493.11s │     23.6% │
├──────────────────────────────────┼────────────────────┼───────────┼───────────┼──────────────────────────────┼───────────┼───────────┤
│ run_a_03_h_24_l_08_s_32768_n_128 │ a=3 h=24 l=8 n=128 │  3,443.46 │    100    │  3,443.46 - 3,490.95 (47.49) │ 10011.23s │     12.9% │
╰──────────────────────────────────┴────────────────────┴───────────┴───────────┴──────────────────────────────┴───────────┴───────────╯

         Pruning Statistics by Hour (run_a_01_h_24_l_08_s_32768_n_128)          
                                                                                
   Hour        NONE   PRESSURES   STABILITY      COST   ACTUATIONS       Total  
 ────────────────────────────────────────────────────────────────────────────── 
      0           -           -           -         -            -           -  
      1       7,941       1,891           -         -            -       9,832  
      2       7,332         609           -         -            -       7,941  
      3       6,880         452           -         -            -       7,332  
      4       6,845          35           -         -            -       6,880  
      5       6,711         134           -         -            -       6,845  
      6       6,645          66           -         -            -       6,711  
      7       6,499         146           -         -            -       6,645  
      8       6,358         141           -         -            -       6,499  
      9      12,421         453           -         -       12,558      25,432  
     10      22,627         722           -         -       26,335      49,684  
     11      38,471       1,663           -         -       50,374      90,508  
     12      63,023       1,848           -         -       89,013     153,884  
     13      99,406       2,707           -         -      149,979     252,092  
     14     151,509       4,266           -         -      241,849     397,624  
     15     224,582       5,839           -         -      375,615     606,036  
     16     329,654       3,111           -         -      565,563     898,328  
     17     471,600       5,373           -     1,023      840,338   1,318,334  
     18     424,551       5,931           -   180,952    1,120,509   1,731,943  
     19     234,051       6,001           -   261,761      851,853   1,353,666  
     20      70,236       7,341           -   193,645      441,154     712,376  
     21      16,589       8,349           -    62,423       90,970     178,331  
     22      15,143       3,528           -     6,947       28,716      54,334  
     23       7,160       1,894           -    10,223       24,971      44,248  
     24       1,913         157          68     5,928       10,618      18,684  
  Total   2,238,147      62,657          68   722,902    4,920,415   7,944,189  
                                                                                

               Pruning Statistics by Hour (run_a_02_h_24_l_08_s_32768_n_128)                
                                                                                            
   Hour          NONE    PRESSURES   STABILITY          COST    ACTUATIONS           Total  
 ────────────────────────────────────────────────────────────────────────────────────────── 
      0             -            -           -             -             -               -  
      1        42,697       13,337           -             -             -          56,034  
      2        39,043        3,654           -             -             -          42,697  
      3        37,111        1,932           -             -             -          39,043  
      4        36,870          241           -             -             -          37,111  
      5        36,384          486           -             -             -          36,870  
      6        36,210          174           -             -             -          36,384  
      7        35,729          481           -             -             -          36,210  
      8        35,115          614           -             -             -          35,729  
      9       116,282        3,609           -             -        20,569         140,460  
     10       353,656       15,171           -             -        96,301         465,128  
     11       990,014       50,671           -             -       373,939       1,414,624  
     12     2,576,312      134,261           -             -     1,249,483       3,960,056  
     13     6,305,815      294,638           -             -     3,704,795      10,305,248  
     14    14,561,920      659,881           -             -    10,001,459      25,223,260  
     15    31,970,802    1,334,842           -             -    24,942,036      58,247,680  
     16    68,199,339    1,477,491           -            21    58,206,355     127,883,206  
     17   139,199,933    3,263,038           -       233,675   130,012,690     272,709,336  
     18    97,818,486    5,065,815           -   109,188,331   232,578,546     444,651,178  
     19    54,176,111    7,113,038           -    84,662,993   103,767,987     249,720,129  
     20    30,980,660   12,176,308           -    48,282,786    36,441,863     127,881,617  
     21     8,383,897   16,367,013           -    29,245,556    13,360,377      67,356,843  
     22     4,819,572    4,305,402           -     6,693,778     5,449,145      21,267,897  
     23       816,598    1,876,734           -     4,493,748     3,740,508      10,927,588  
     24         3,857      236,871      25,981       813,420       577,649       1,657,778  
  Total   461,572,413   54,395,702      25,981   283,614,308   624,523,702   1,424,132,106  
                                                                                            

                    Pruning Statistics by Hour (run_a_03_h_24_l_08_s_32768_n_128)                     
                                                                                                      
   Hour            NONE       PRESSURES   STABILITY            COST      ACTUATIONS            Total  
 ──────────────────────────────────────────────────────────────────────────────────────────────────── 
      0               -               -           -               -               -                -  
      1          49,098          16,348           -               -               -           65,446  
      2          45,003           4,095           -               -               -           49,098  
      3          42,955           2,048           -               -               -           45,003  
      4          42,699             256           -               -               -           42,955  
      5          42,187             512           -               -               -           42,699  
      6          42,011             176           -               -               -           42,187  
      7          41,523             488           -               -               -           42,011  
      8          40,853             670           -               -               -           41,523  
      9         157,939           4,454           -               -           1,019          163,412  
     10         596,358          23,802           -               -          11,596          631,756  
     11       2,175,692         113,479           -               -          96,261        2,385,432  
     12       7,627,269         446,537           -               -         628,962        8,702,768  
     13      25,702,221       1,421,875           -               -       3,384,980       30,509,076  
     14      82,618,682       4,505,256           -               -      15,684,946      102,808,884  
     15     252,885,050      13,242,385           -               -      64,347,293      330,474,728  
     16     750,701,692      23,044,595           -             227     237,793,664    1,011,540,178  
     17   2,125,845,644      59,933,234           -       2,385,098     813,685,847    3,001,849,823  
     18   2,057,468,359     137,400,958           -   1,881,884,525   2,163,234,220    6,239,988,062  
     19   1,700,265,389     249,424,466           -   1,902,097,342   1,160,088,535    5,011,875,732  
     20   1,081,534,272     544,825,723           -   1,626,437,117     557,451,722    3,810,248,834  
     21     187,353,869     808,736,724           -   1,060,573,886     206,933,578    2,263,598,057  
     22      56,606,777     138,164,344           -     177,446,339      43,601,779      415,819,239  
     23       2,248,064      33,525,046           -      56,218,841      24,537,332      116,529,283  
     24           5,319       1,358,975      32,461       2,246,339         878,547        4,521,641  
  Total   8,334,138,925   2,016,196,446      32,461   6,709,289,714   5,292,360,281   22,352,017,827  
                                                                                                      

╭────────────────────────────────────────────────────────────────────── Output ──────────────────────────────────────────────────────────────────────╮
│ Wrote 3 run summaries to /mnt/chromeos/MyFiles/Downloads/gitrepos/epanet-bb/article/data/outputs/agg_outputs.json                                  │
╰────────────────────────────────────────────────────────────────────────────────────────────────────────────────────────────────────────────────────╯
Wrote pruning CSV to /mnt/chromeos/MyFiles/Downloads/gitrepos/epanet-bb/article/data/pruning.csv

         Pruning Statistics (% of nodes)          
╭───────────────┬──────────┬──────────┬──────────╮
│ Criterion     │ NA_max=1 │ NA_max=2 │ NA_max=3 │
├───────────────┼──────────┼──────────┼──────────┤
│ Actuation     │     61.9 │     43.9 │     23.7 │
│ Cost bound    │      9.1 │     19.9 │     30.0 │
│ Tank levels   │      0.0 │      0.0 │      0.0 │
│ Pressure      │      0.8 │      3.8 │      9.0 │
│ Total pruned  │     71.8 │     67.6 │     62.7 │
│ Feasible      │     28.2 │     32.4 │     37.3 │
│ Nodes (total) │     7.9M │     1.4B │    22.4B │
╰───────────────┴──────────┴──────────┴──────────╯
