============================================================
PUMP SCHEDULE FEASIBILITY REPORT
============================================================
Solution: article/data/run_Paola2025_a_02.json
Network:  networks/any-town.inp

============================================================
CONSTRAINT CHECK
============================================================
Pressures:   OK (all nodes above minimum thresholds)
Tank Levels: OK (all within [66.53, 71.53] m)
Stability:   OK (final levels >= 66.93 m)

============================================================
SUMMARY
============================================================
Node 55:  min=42.35m, max=46.56m (threshold: 42.0m)
Node 90:  min=51.38m, max=55.58m (threshold: 51.0m)
Node 170:  min=30.03m, max=34.08m (threshold: 30.0m)
Tank 65:  min=66.53m, max=71.51m, final=68.13m
Tank 165:  min=66.62m, max=70.76m, final=67.32m
Tank 265:  min=66.74m, max=71.16m, final=67.72m

============================================================
RESULT: PASS
============================================================