============================================================
PUMP SCHEDULE FEASIBILITY REPORT
============================================================
Solution: article/data/run_Souza2026_a_02.json
Network:  networks/any-town.inp

============================================================
CONSTRAINT CHECK
============================================================
Pressures:   OK (all nodes above minimum thresholds)
Tank Levels: OK (all within [66.53, 71.53] m)
Stability:   OK (final levels >= 66.93 m)

============================================================
SUMMARY
============================================================
Node 55:  min=42.44m, max=46.56m (threshold: 42.0m)
Node 90:  min=51.46m, max=55.58m (threshold: 51.0m)
Node 170:  min=30.12m, max=34.08m (threshold: 30.0m)
Tank 65:  min=66.62m, max=71.51m, final=68.22m
Tank 165:  min=66.68m, max=70.76m, final=67.39m
Tank 265:  min=66.84m, max=71.16m, final=67.81m

============================================================
RESULT: PASS
============================================================