╭────────────────────────────────────────────────────────────────────────────── Experiment Settings ──────────────────────────────────────────────────────────────────────────────╮
│                                                                                                                                                                                 │
│ EPANET-BB Ablation Study                                                                                                                                                        │
│ Evaluating performance impact of B&B optimization features                                                                                                                      │
│                                                                                                                                                                                 │
│ Global Settings:                                                                                                                                                                │
│ • Simulation Hours (H): 24                                                                                                                                                      │
│ • Max Actuations (A): 1                                                                                                                                                         │
│ • Tree Level (L): 8                                                                                                                                                             │
│ • Sync Interval (S): 32768                                                                                                                                                      │
│ • MPI Processes (NP): 128                                                                                                                                                       │
│ • Binary: ./build/run-epanet3-bb                                                                                                                                                │
│ • Log Directory: logs_ablation                                                                                                                                                  │
│                                                                                                                                                                                 │
╰─────────────────────────────────────────────────────────────────────────────────────────────────────────────────────────────────────────────────────────────────────────────────╯
╭──────────┬─────────────┬─────────────────────────────────────────────────┬────────────────────────┬───────────────────────────┬─────────────────────────────────────────────────╮
│    ID    │          NP │ Experiment Name                                 │               Duration │                      Cost │ Status                                          │
├──────────┼─────────────┼─────────────────────────────────────────────────┼────────────────────────┼───────────────────────────┼─────────────────────────────────────────────────┤
│    1     │         128 │ 01_baseline                                     │                  5.47s │                 356798.87 │ [green]Done[/green]                             │
│    2     │         128 │ 02_no_snapshots                                 │                 55.47s │                 356798.87 │ [green]Done[/green]                             │
│    3     │         128 │ 03_no_cost_pruning                              │                 31.86s │                 356798.87 │ [green]Done[/green]                             │
│    4     │         128 │ 04_no_pump_sorting                              │                  3.11s │                 358297.77 │ [green]Done[/green]                             │
│    5     │         128 │ 05_no_task_shuffle                              │                 16.95s │                 356798.87 │ [green]Done[/green]                             │
│    6     │         128 │ 06_no_global_sync                               │                  5.17s │                 356798.87 │ [green]Done[/green]                             │
╰──────────┴─────────────┴─────────────────────────────────────────────────┴────────────────────────┴───────────────────────────┴─────────────────────────────────────────────────╯
All experiments completed.
